\BOOKMARK [1][-]{section.1}{Introduction}{}% 1
\BOOKMARK [2][-]{subsection.1.1}{Contributions}{section.1}% 2
\BOOKMARK [2][-]{subsection.1.2}{Related work}{section.1}% 3
\BOOKMARK [2][-]{subsection.1.3}{Discussion}{section.1}% 4
\BOOKMARK [1][-]{section.2}{Problem Setting}{}% 5
\BOOKMARK [2][-]{subsection.2.1}{The Outcome Curve}{section.2}% 6
\BOOKMARK [2][-]{subsection.2.2}{Decision Rules and Fairness Criteria}{section.2}% 7
\BOOKMARK [1][-]{section.3}{Results}{}% 8
\BOOKMARK [2][-]{subsection.3.1}{Prospects and Pitfalls of Fairness Criteria}{section.3}% 9
\BOOKMARK [2][-]{subsection.3.2}{Comparing EqOpt and DemParity}{section.3}% 10
\BOOKMARK [1][-]{section.4}{Relaxations of Constrained Fairness}{}% 11
\BOOKMARK [2][-]{subsection.4.1}{Regularized fairness}{section.4}% 12
\BOOKMARK [2][-]{subsection.4.2}{Fairness Under Measurement Error}{section.4}% 13
\BOOKMARK [2][-]{subsection.4.3}{Outcome-based alternative}{section.4}% 14
\BOOKMARK [1][-]{section.5}{Optimality of Threshold Policies}{}% 15
\BOOKMARK [2][-]{subsection.5.1}{Quantiles and Concavity of the Outcome Curve}{section.5}% 16
\BOOKMARK [1][-]{section.6}{Proofs of Main Theorems}{}% 17
\BOOKMARK [2][-]{subsection.6.1}{A Characterization Theorem for DemParity}{section.6}% 18
\BOOKMARK [2][-]{subsection.6.2}{EqOpt and General Constraints}{section.6}% 19
\BOOKMARK [1][-]{section.7}{Simulations}{}% 20
\BOOKMARK [1][-]{section.8}{Conclusion and Future Work}{}% 21
\BOOKMARK [1][-]{appendix.A}{Optimality of Threshold Policies}{}% 22
\BOOKMARK [2][-]{subsection.A.1}{Proof of Lemma 5.1}{appendix.A}% 23
\BOOKMARK [2][-]{subsection.A.2}{Proof of Lemma 5.2 }{appendix.A}% 24
\BOOKMARK [2][-]{subsection.A.3}{Proof of Lemma 5.3 }{appendix.A}% 25
\BOOKMARK [1][-]{appendix.B}{Characterization of Fairness Solutions}{}% 26
\BOOKMARK [2][-]{subsection.B.1}{Derivative Computation for EqOpt}{appendix.B}% 27
\BOOKMARK [2][-]{subsection.B.2}{Characterizations Under Soft Constraints}{appendix.B}% 28
\BOOKMARK [2][-]{subsection.B.3}{Qualitative Behavior of Soft Constraints}{appendix.B}% 29
\BOOKMARK [3][-]{subsubsection.B.3.1}{Proof of Proposition B.2}{subsection.B.3}% 30
\BOOKMARK [1][-]{appendix.C}{Proofs of Main Results}{}% 31
\BOOKMARK [2][-]{subsection.C.1}{Proof of Proposition 3.1}{appendix.C}% 32
\BOOKMARK [2][-]{subsection.C.2}{Proof of Corollary 3.2 }{appendix.C}% 33
\BOOKMARK [2][-]{subsection.C.3}{Proof of Corollary 3.3}{appendix.C}% 34
\BOOKMARK [2][-]{subsection.C.4}{Proof of Corollary 3.4}{appendix.C}% 35
\BOOKMARK [2][-]{subsection.C.5}{Proof of Corollary 3.5 }{appendix.C}% 36
\BOOKMARK [2][-]{subsection.C.6}{Proof of Corollary 3.6}{appendix.C}% 37
\BOOKMARK [2][-]{subsection.C.7}{Proof of Proposition 4.1}{appendix.C}% 38
\BOOKMARK [2][-]{subsection.C.8}{Proof of Proposition 4.2}{appendix.C}% 39
